{
    "user_name": "homma509",
    "passward": "test"
}