{
    "user_name": "homma509",
    "password": "test"
}